// Vitest Snapshot v1, https://vitest.dev/guide/snapshot.html

exports[`左侧导航菜单（roleMenus） > 整棵菜单树快照（重构 AppLayout 时，菜单一改这里就红） 1`] = `
{
  "ADMIN": [
    "· /todos | 待处理",
    "▸ admin-home | 首页",
    "· /admin | 运营看板",
    "· /admin/revenue | 营收报表",
    "▸ admin-dispatch | 派单管理",
    "· /admin/dispatch | 派单工作台",
    "▸ admin-orders | 订单管理",
    "· /admin/orders | 全部订单",
    "· /admin/order-review | 成交核对",
    "▸ admin-customers | 客户管理",
    "· /admin/customers | 客户列表",
    "· /admin/customer-board | 客户看板",
    "▸ admin-employees | 员工管理",
    "▸ admin-group-companion | 陪玩",
    "· /admin/companions?role=COMPANION | 陪玩列表",
    "· /admin/work-wechats?type=COMPANION | 陪玩工作微信",
    "· /admin/battle-screenshots | 战绩图审核",
    "▸ admin-group-cs | 客服",
    "· /admin/employees?role=CS | 客服列表",
    "· /admin/work-wechats?type=STUDIO | 客服工作微信",
    "· /admin/traffic-accounts | 工作室账号管理",
    "· /content-check | 内容查重风控",
    "· /admin/review | 实名审核",
    "· /admin/attendance | 考勤管理",
    "▸ admin-finance | 财务管理",
    "· /admin/profit-calendar | 财务中心",
    "▸ admin-group-companion-salary | 陪玩工资 | companion",
    "· /admin/finance/expenses | 陪玩审核 + 支取",
    "· /admin/finance/reconciliation | 应报 vs 实报",
    "· /admin/companion-wallet-calendar | 报账与支取日历",
    "· /admin/finance/risk | 打私单风险",
    "▸ admin-group-cs-commission | 客服提成 | cs",
    "· /admin/finance/commission-today | 今日看板",
    "· /admin/finance/commission | 月度结算",
    "· /admin/cs-wechat-flow | 客服微信收款明细",
    "▸ admin-settings | 设置中心",
    "▸ admin-group-rules | 系统与规则",
    "· /admin/settings | 系统配置",
    "· /admin/cs-settings | 客服设置 | cs",
    "· /admin/payroll | 工资规则 | admin",
    "· /admin/finance/price-rules | 价格规则",
    "· /owner/bridges | 工作室桥接",
    "· /admin/client-management | 客户端管理",
    "· /profile | 个人设置",
  ],
  "COMPANION": [
    "▸ companion-home | 首页",
    "· /companion | 我的首页",
    "▸ companion-dispatch | 派单管理",
    "· /companion/pool | 订单池",
    "· /companion/live-board | 实时看板",
    "▸ companion-orders | 订单管理",
    "· /companion/orders | 我的订单",
    "▸ companion-customers | 客户管理",
    "· /companion/customers | 我的客户",
    "· /companion/customer-board | 客户看板",
    "▸ companion-battle-screenshots | 战绩图上传",
    "· /companion/battle-screenshots | 上传战绩图",
    "▸ companion-finance | 财务管理",
    "· /companion/billing | 报账系统",
    "· /companion/wallet-calendar | 报账与支取日历",
    "· /companion/stats | 每日统计",
    "▸ companion-settings | 设置",
    "· /profile | 个人设置",
    "· /companion/notifications | 通知设置",
  ],
  "CS": [
    "· /todos | 待处理",
    "▸ cs-home | 首页",
    "· /cs/home | 运营看板",
    "· /cs/stats | 每日统计",
    "▸ cs-dispatch | 派单管理",
    "· /cs/dispatch | 派单工作台",
    "▸ cs-orders | 订单管理",
    "· /cs/orders | 全部订单",
    "· /cs/order-review | 成交核对",
    "▸ cs-customers | 客户管理",
    "· /cs/customers | 客户列表",
    "· /admin/customer-board | 客户看板",
    "▸ cs-employees | 员工管理",
    "▸ cs-group-companion | 陪玩",
    "· /cs/employees | 人员管理",
    "· /cs/work-wechats?type=COMPANION | 陪玩工作微信",
    "· /admin/battle-screenshots | 战绩图查看",
    "▸ cs-group-cs | 客服",
    "· /cs/work-wechats?type=STUDIO | 客服工作微信",
    "· /cs/traffic-accounts | 工作室账号管理",
    "· /content-check | 内容查重风控",
    "▸ cs-finance | 财务管理",
    "· /cs/finance/commission-today | 我的提成看板",
    "· /cs/billing | 报账系统",
    "▸ cs-settings | 设置",
    "· /profile | 个人设置",
  ],
  "OWNER": [
    "· /todos | 待处理",
    "▸ owner-home | 首页",
    "· /admin | 运营看板",
    "· /admin/revenue | 营收报表",
    "▸ owner-dispatch | 派单管理",
    "· /admin/dispatch | 派单工作台",
    "▸ owner-orders | 订单管理",
    "· /owner/orders | 全部订单",
    "· /owner/order-review | 成交核对",
    "▸ owner-customers | 客户管理",
    "· /owner/customers | 客户列表",
    "· /owner/customer-board | 客户看板",
    "▸ owner-employees | 员工管理",
    "▸ owner-group-admin | 店长",
    "· /owner/employees?role=ADMIN | 店长列表",
    "▸ owner-group-companion | 陪玩",
    "· /admin/companions?role=COMPANION | 陪玩列表",
    "· /owner/work-wechats?type=COMPANION | 陪玩工作微信",
    "· /admin/battle-screenshots | 战绩图审核",
    "▸ owner-group-cs | 客服",
    "· /owner/employees?role=CS | 客服列表",
    "· /owner/work-wechats?type=STUDIO | 客服工作微信",
    "· /admin/traffic-accounts | 工作室账号管理",
    "· /content-check | 内容查重风控",
    "· /owner/review | 实名审核",
    "· /admin/attendance | 考勤管理",
    "▸ owner-finance | 财务管理",
    "· /admin/profit-calendar | 财务中心",
    "▸ owner-group-companion-salary | 陪玩工资 | companion",
    "· /admin/finance/expenses | 陪玩审核 + 支取",
    "· /admin/finance/reconciliation | 应报 vs 实报",
    "· /admin/companion-wallet-calendar | 报账与支取日历",
    "· /admin/finance/risk | 打私单风险",
    "▸ owner-group-cs-commission | 客服提成 | cs",
    "· /admin/finance/commission-today | 今日看板",
    "· /admin/finance/commission | 月度结算",
    "· /admin/cs-wechat-flow | 客服微信收款明细",
    "▸ owner-shop | 店铺管理",
    "· /owner/studios | 工作室管理",
    "· /owner/bridges | 工作室桥接",
    "· /owner/authorizations | 客户端授权",
    "▸ owner-settings | 设置中心",
    "▸ owner-group-rules | 系统与规则",
    "· /owner/settings | 系统配置",
    "· /admin/cs-settings | 客服设置 | cs",
    "· /admin/payroll | 工资规则 | admin",
    "· /admin/finance/price-rules | 价格规则",
    "· /admin/client-management | 客户端管理",
    "· /profile | 个人设置",
  ],
}
`;
